<?xml version="1.0" encoding="utf-8"?><testsuites name="pytest tests"><testsuite name="pytest" errors="0" failures="0" skipped="0" tests="3" time="0.969" timestamp="2025-10-03T03:09:19.082933+05:30" hostname="DESKTOP-RHOO1M4"><testcase classname="tests.test_main" name="test_redirect_root" time="0.054" /><testcase classname="tests.test_main" name="test_helloworld" time="0.004" /><testcase classname="tests.test_main" name="test_health_check" time="0.002" /></testsuite></testsuites>